// Jest Snapshot v1, https://goo.gl/fbAQLP

exports[`renders correctly 1`] = `
<RCTSafeAreaView
  style={
    Object {
      "backgroundColor": "#CDC6A5",
      "flex": 1,
    }
  }
>
  <View
    style={
      Object {
        "backgroundColor": "#8D9F87",
        "borderBottomWidth": 2,
        "height": 60,
      }
    }
  >
    <Text
      style={
        Object {
          "color": "#ffffff",
          "flex": 1,
          "flexGrow": 1,
          "fontSize": 30,
          "letterSpacing": 0.4,
          "textAlign": "center",
          "textAlignVertical": "center",
        }
      }
    >
      Stargazers
    </Text>
  </View>
  <View
    style={
      Object {
        "flex": 1,
      }
    }
  >
    <View
      style={
        Object {
          "backgroundColor": "#CDC6A5",
          "flex": 1,
        }
      }
    >
      <RCTScrollView
        contentContainerStyle={
          Object {
            "flex": 1,
            "justifyContent": "center",
          }
        }
      >
        <View>
          <View
            style={
              Object {
                "alignItems": "center",
                "alignSelf": "center",
                "paddingVertical": 20,
                "width": "80%",
              }
            }
          >
            <View
              style={
                Object {
                  "paddingBottom": 20,
                }
              }
            >
              <Image
                height={50}
                source={
                  Object {
                    "testUri": "../../../src/assets/icons/stargazing.png",
                  }
                }
                width={50}
              />
            </View>
            <Text
              style={
                Object {
                  "fontSize": 25,
                  "letterSpacing": 0.2,
                }
              }
            >
              Hey Stargazer! Insert the owner and the repo name and find out who follow that Repo!
            </Text>
          </View>
          <View>
            <View
              style={
                Object {
                  "alignSelf": "center",
                  "backgroundColor": "#F0DCCA",
                  "borderRadius": 5,
                  "borderWidth": 2,
                  "flexDirection": "row",
                  "height": 50,
                  "marginVertical": 15,
                  "width": "80%",
                }
              }
            >
              <TextInput
                activeColor="#313E50"
                editable={true}
                keyboardType="default"
                multiline={false}
                onChangeText={[Function]}
                placeholder="Owner"
                placeholderTextColor="#a7a7a7"
                selectionColor="#313E50"
                style={
                  Object {
                    "color": "#8789C0",
                    "flex": 1,
                    "flexGrow": 1,
                    "fontSize": 17,
                    "letterSpacing": 0.2,
                    "paddingLeft": 10,
                  }
                }
                value=""
              />
              <View
                accessible={true}
                collapsable={false}
                focusable={true}
                onBlur={[Function]}
                onClick={[Function]}
                onFocus={[Function]}
                onResponderGrant={[Function]}
                onResponderMove={[Function]}
                onResponderRelease={[Function]}
                onResponderTerminate={[Function]}
                onResponderTerminationRequest={[Function]}
                onStartShouldSetResponder={[Function]}
                style={
                  Object {
                    "alignContent": "flex-end",
                    "width": 30,
                  }
                }
              >
                <View
                  style={
                    Object {
                      "alignItems": "center",
                      "flex": 1,
                      "justifyContent": "center",
                      "paddingRight": 10,
                    }
                  }
                >
                  <Image
                    source={
                      Object {
                        "testUri": "../../../src/assets/icons/close.png",
                      }
                    }
                  />
                </View>
              </View>
            </View>
            <View
              style={
                Object {
                  "alignSelf": "center",
                  "backgroundColor": "#F0DCCA",
                  "borderRadius": 5,
                  "borderWidth": 2,
                  "flexDirection": "row",
                  "height": 50,
                  "marginVertical": 15,
                  "width": "80%",
                }
              }
            >
              <TextInput
                activeColor="#313E50"
                editable={true}
                keyboardType="default"
                multiline={false}
                onChangeText={[Function]}
                placeholder="Repo"
                placeholderTextColor="#a7a7a7"
                selectionColor="#313E50"
                style={
                  Object {
                    "color": "#8789C0",
                    "flex": 1,
                    "flexGrow": 1,
                    "fontSize": 17,
                    "letterSpacing": 0.2,
                    "paddingLeft": 10,
                  }
                }
                value=""
              />
              <View
                accessible={true}
                collapsable={false}
                focusable={true}
                onBlur={[Function]}
                onClick={[Function]}
                onFocus={[Function]}
                onResponderGrant={[Function]}
                onResponderMove={[Function]}
                onResponderRelease={[Function]}
                onResponderTerminate={[Function]}
                onResponderTerminationRequest={[Function]}
                onStartShouldSetResponder={[Function]}
                style={
                  Object {
                    "alignContent": "flex-end",
                    "width": 30,
                  }
                }
              >
                <View
                  style={
                    Object {
                      "alignItems": "center",
                      "flex": 1,
                      "justifyContent": "center",
                      "paddingRight": 10,
                    }
                  }
                >
                  <Image
                    source={
                      Object {
                        "testUri": "../../../src/assets/icons/close.png",
                      }
                    }
                  />
                </View>
              </View>
            </View>
          </View>
          <View
            style={
              Object {
                "alignItems": "center",
                "justifyContent": "flex-end",
                "paddingVertical": 50,
              }
            }
          >
            <View
              accessible={true}
              collapsable={false}
              focusable={true}
              onBlur={[Function]}
              onClick={[Function]}
              onFocus={[Function]}
              onResponderGrant={[Function]}
              onResponderMove={[Function]}
              onResponderRelease={[Function]}
              onResponderTerminate={[Function]}
              onResponderTerminationRequest={[Function]}
              onStartShouldSetResponder={[Function]}
              style={
                Object {
                  "backgroundColor": "#313E50",
                  "borderRadius": 5,
                  "justifyContent": "center",
                  "padding": 10,
                  "width": "80%",
                }
              }
            >
              <Text
                style={
                  Object {
                    "color": "#ffffff",
                    "flexGrow": 1,
                    "fontSize": 17,
                    "letterSpacing": 0.2,
                    "textAlign": "center",
                  }
                }
              >
                Check stargazers
              </Text>
            </View>
          </View>
        </View>
      </RCTScrollView>
    </View>
  </View>
</RCTSafeAreaView>
`;
